==============================================
Building OpenBeken ESP32 on Windows natively
Target: esp32s3ram
Size: 4MB
Variant (2=tuyaMCU/4MB): 2
Bootloader Addr: 0x0
Build Directory: platforms\ESP-IDF\build-s3ram
Action: build
==============================================
[INFO] ESP-IDF 'idf.py' not found in PATH.
[INFO] Attempting to load from sdk\esp-idf...
Activating ESP-IDF 5.5
Setting IDF_PATH to 'W:\GIT\OpenBK7231T\apps\OpenBK7231T_App\sdk\esp-idf'.
* Checking python version ... 3.14.3
* Checking python dependencies ... OK
* Deactivating the current ESP-IDF environment (if any) ... OK
* Establishing a new ESP-IDF environment ... OK
* Identifying shell ... cmd.exe
* Detecting outdated tools in system ... Found tools that are not used by active ESP-IDF version.
For removing old versions of ccache, cmake, esp-clang, idf-exe, mconf, ninja, openocd-esp32, riscv32-esp-elf-gdb, xtensa-esp-elf-gdb, xtensa-lx106-elf use command 'python.exe W:\GIT\OpenBK7231T\apps\OpenBK7231T_App\sdk\esp-idf\tools\idf_tools.py 
uninstall'
To free up even more space, remove installation packages of those tools.
Use option python.exe W:\GIT\OpenBK7231T\apps\OpenBK7231T_App\sdk\esp-idf\tools\idf_tools.py uninstall --remove-archives.

Done You can now compile ESP-IDF projects.
Go to the project directory and run:

  idf.py build

[INFO] ESP-IDF environment is ready.
[INFO] Running Berry prebuild...
[INFO] Repo root: W:\GIT\OpenBK7231T\apps\OpenBK7231T_App
[INFO] Using Python command: python
[INFO] Executing Berry C-Object-Compiler (coc)...
[INFO] Berry prebuild completed successfully.
[INFO] Running CMake configuration for esp32s3ram...
-- Minimal build - OFF
-- Building ESP-IDF components for target esp32s3
-- Checking Python dependencies...
Python requirements are satisfied.
Constraint file: C:\Users\iwos2\.espressif\espidf.constraints.v5.5.txt
Requirement files:
 - W:\GIT\OpenBK7231T\apps\OpenBK7231T_App\sdk\esp-idf\tools\requirements\requirements.core.txt
Python being checked: C:\Users\iwos2\.espressif\python_env\idf5.5_py3.14_env\Scripts\python.exe
-- ENABLE_DISPLAY is '' in main/CMakeLists.txt
-- Project sdkconfig file W:/GIT/OpenBK7231T/apps/OpenBK7231T_App/platforms/ESP-IDF/sdkconfig
Loading defaults file W:/GIT/OpenBK7231T/apps/OpenBK7231T_App/platforms/ESP-IDF/sdkconfig.defaults...
W:/GIT/OpenBK7231T/apps/OpenBK7231T_App/platforms/ESP-IDF/sdkconfig.defaults:8 CONFIG_NEWLIB_NANO_FORMAT was replaced with CONFIG_LIBC_NEWLIB_NANO_FORMAT 
Loading defaults file W:/GIT/OpenBK7231T/apps/OpenBK7231T_App/platforms/ESP-IDF/sdkconfig.defaults.esp32s3...
Loading defaults file W:/GIT/OpenBK7231T/apps/OpenBK7231T_App/platforms/ESP-IDF/sdkconfig.defaults.esp32s3ram...
-- Compiler supported targets: xtensa-esp-elf
-- USING O3
-- App "OpenBeken" version: 1.18.288-3-g8d7ebae9-dirty
-- Adding linker script W:/GIT/OpenBK7231T/apps/OpenBK7231T_App/platforms/ESP-IDF/build-s3ram/esp-idf/esp_system/ld/memory.ld
-- Adding linker script W:/GIT/OpenBK7231T/apps/OpenBK7231T_App/platforms/ESP-IDF/build-s3ram/esp-idf/esp_system/ld/sections.ld.in
-- Adding linker script W:/GIT/OpenBK7231T/apps/OpenBK7231T_App/sdk/esp-idf/components/esp_rom/esp32s3/ld/esp32s3.rom.ld
-- Adding linker script W:/GIT/OpenBK7231T/apps/OpenBK7231T_App/sdk/esp-idf/components/esp_rom/esp32s3/ld/esp32s3.rom.api.ld
-- Adding linker script W:/GIT/OpenBK7231T/apps/OpenBK7231T_App/sdk/esp-idf/components/esp_rom/esp32s3/ld/esp32s3.rom.bt_funcs.ld
-- Adding linker script W:/GIT/OpenBK7231T/apps/OpenBK7231T_App/sdk/esp-idf/components/esp_rom/esp32s3/ld/esp32s3.rom.libgcc.ld
-- Adding linker script W:/GIT/OpenBK7231T/apps/OpenBK7231T_App/sdk/esp-idf/components/esp_rom/esp32s3/ld/esp32s3.rom.wdt.ld
-- Adding linker script W:/GIT/OpenBK7231T/apps/OpenBK7231T_App/sdk/esp-idf/components/esp_rom/esp32s3/ld/esp32s3.rom.version.ld
-- Adding linker script W:/GIT/OpenBK7231T/apps/OpenBK7231T_App/sdk/esp-idf/components/esp_rom/esp32s3/ld/esp32s3.rom.ble_master.ld
-- Adding linker script W:/GIT/OpenBK7231T/apps/OpenBK7231T_App/sdk/esp-idf/components/esp_rom/esp32s3/ld/esp32s3.rom.ble_50.ld
-- Adding linker script W:/GIT/OpenBK7231T/apps/OpenBK7231T_App/sdk/esp-idf/components/esp_rom/esp32s3/ld/esp32s3.rom.ble_smp.ld
-- Adding linker script W:/GIT/OpenBK7231T/apps/OpenBK7231T_App/sdk/esp-idf/components/esp_rom/esp32s3/ld/esp32s3.rom.ble_dtm.ld
-- Adding linker script W:/GIT/OpenBK7231T/apps/OpenBK7231T_App/sdk/esp-idf/components/esp_rom/esp32s3/ld/esp32s3.rom.ble_test.ld
-- Adding linker script W:/GIT/OpenBK7231T/apps/OpenBK7231T_App/sdk/esp-idf/components/esp_rom/esp32s3/ld/esp32s3.rom.ble_scan.ld
-- Adding linker script W:/GIT/OpenBK7231T/apps/OpenBK7231T_App/sdk/esp-idf/components/esp_rom/esp32s3/ld/esp32s3.rom.libc.ld
-- Adding linker script W:/GIT/OpenBK7231T/apps/OpenBK7231T_App/sdk/esp-idf/components/esp_rom/esp32s3/ld/esp32s3.rom.newlib.ld
-- Adding linker script W:/GIT/OpenBK7231T/apps/OpenBK7231T_App/sdk/esp-idf/components/soc/esp32s3/ld/esp32s3.peripherals.ld
-- ENABLE_DISPLAY is '1' in main/CMakeLists.txt
-- Component idf::main will be linked with -Wl,--whole-archive
-- Components: ESP32_Display_Panel ESP32_IO_Expander app_trace app_update bootloader bootloader_support bt cmock console cxx driver efuse esp-lib-utils esp-tls esp_adc esp_app_format esp_bootloader_format esp_coex esp_common esp_driver_ana_cmpr esp_driver_bitscrambler esp_driver_cam esp_driver_dac esp_driver_gpio esp_driver_gptimer esp_driver_i2c esp_driver_i2s esp_driver_isp esp_driver_jpeg esp_driver_ledc esp_driver_mcpwm esp_driver_parlio esp_driver_pcnt esp_driver_ppa esp_driver_rmt esp_driver_sdio esp_driver_sdm esp_driver_sdmmc esp_driver_sdspi esp_driver_spi esp_driver_touch_sens esp_driver_tsens esp_driver_twai esp_driver_uart esp_driver_usb_serial_jtag esp_eth esp_event esp_gdbstub esp_hid esp_http_client esp_http_server esp_https_ota esp_https_server esp_hw_support esp_lcd esp_local_ctrl esp_mm esp_netif esp_netif_stack esp_partition esp_phy esp_pm esp_psram esp_ringbuf esp_rom esp_security esp_system esp_timer esp_vfs_console esp_wifi espcoredump esptool_py fatfs freertos hal heap http_parser idf_test ieee802154 json log lvgl lwip main mbedtls mqtt newlib nvs_flash nvs_sec_provider openthread partition_table perfmon protobuf-c protocomm pthread rt sdmmc soc spi_flash spiffs tcp_transport touch_element ulp unity usb vfs wear_levelling wifi_provisioning wpa_supplicant xtensa
-- Component paths: W:/GIT/OpenBK7231T/apps/OpenBK7231T_App/libraries/ESP32_Display_Panel W:/GIT/OpenBK7231T/apps/OpenBK7231T_App/libraries/ESP32_IO_Expander W:/GIT/OpenBK7231T/apps/OpenBK7231T_App/sdk/esp-idf/components/app_trace W:/GIT/OpenBK7231T/apps/OpenBK7231T_App/sdk/esp-idf/components/app_update W:/GIT/OpenBK7231T/apps/OpenBK7231T_App/sdk/esp-idf/components/bootloader W:/GIT/OpenBK7231T/apps/OpenBK7231T_App/sdk/esp-idf/components/bootloader_support W:/GIT/OpenBK7231T/apps/OpenBK7231T_App/sdk/esp-idf/components/bt W:/GIT/OpenBK7231T/apps/OpenBK7231T_App/sdk/esp-idf/components/cmock W:/GIT/OpenBK7231T/apps/OpenBK7231T_App/sdk/esp-idf/components/console W:/GIT/OpenBK7231T/apps/OpenBK7231T_App/sdk/esp-idf/components/cxx W:/GIT/OpenBK7231T/apps/OpenBK7231T_App/sdk/esp-idf/components/driver W:/GIT/OpenBK7231T/apps/OpenBK7231T_App/sdk/esp-idf/components/efuse W:/GIT/OpenBK7231T/apps/OpenBK7231T_App/libraries/esp-lib-utils W:/GIT/OpenBK7231T/apps/OpenBK7231T_App/sdk/esp-idf/components/esp-tls W:/GIT/OpenBK7231T/apps/OpenBK7231T_App/sdk/esp-idf/components/esp_adc W:/GIT/OpenBK7231T/apps/OpenBK7231T_App/sdk/esp-idf/components/esp_app_format W:/GIT/OpenBK7231T/apps/OpenBK7231T_App/sdk/esp-idf/components/esp_bootloader_format W:/GIT/OpenBK7231T/apps/OpenBK7231T_App/sdk/esp-idf/components/esp_coex W:/GIT/OpenBK7231T/apps/OpenBK7231T_App/sdk/esp-idf/components/esp_common W:/GIT/OpenBK7231T/apps/OpenBK7231T_App/sdk/esp-idf/components/esp_driver_ana_cmpr W:/GIT/OpenBK7231T/apps/OpenBK7231T_App/sdk/esp-idf/components/esp_driver_bitscrambler W:/GIT/OpenBK7231T/apps/OpenBK7231T_App/sdk/esp-idf/components/esp_driver_cam W:/GIT/OpenBK7231T/apps/OpenBK7231T_App/sdk/esp-idf/components/esp_driver_dac W:/GIT/OpenBK7231T/apps/OpenBK7231T_App/sdk/esp-idf/components/esp_driver_gpio W:/GIT/OpenBK7231T/apps/OpenBK7231T_App/sdk/esp-idf/components/esp_driver_gptimer W:/GIT/OpenBK7231T/apps/OpenBK7231T_App/sdk/esp-idf/components/esp_driver_i2c W:/GIT/OpenBK7231T/apps/OpenBK7231T_App/sdk/esp-idf/components/esp_driver_i2s W:/GIT/OpenBK7231T/apps/OpenBK7231T_App/sdk/esp-idf/components/esp_driver_isp W:/GIT/OpenBK7231T/apps/OpenBK7231T_App/sdk/esp-idf/components/esp_driver_jpeg W:/GIT/OpenBK7231T/apps/OpenBK7231T_App/sdk/esp-idf/components/esp_driver_ledc W:/GIT/OpenBK7231T/apps/OpenBK7231T_App/sdk/esp-idf/components/esp_driver_mcpwm W:/GIT/OpenBK7231T/apps/OpenBK7231T_App/sdk/esp-idf/components/esp_driver_parlio W:/GIT/OpenBK7231T/apps/OpenBK7231T_App/sdk/esp-idf/components/esp_driver_pcnt W:/GIT/OpenBK7231T/apps/OpenBK7231T_App/sdk/esp-idf/components/esp_driver_ppa W:/GIT/OpenBK7231T/apps/OpenBK7231T_App/sdk/esp-idf/components/esp_driver_rmt W:/GIT/OpenBK7231T/apps/OpenBK7231T_App/sdk/esp-idf/components/esp_driver_sdio W:/GIT/OpenBK7231T/apps/OpenBK7231T_App/sdk/esp-idf/components/esp_driver_sdm W:/GIT/OpenBK7231T/apps/OpenBK7231T_App/sdk/esp-idf/components/esp_driver_sdmmc W:/GIT/OpenBK7231T/apps/OpenBK7231T_App/sdk/esp-idf/components/esp_driver_sdspi W:/GIT/OpenBK7231T/apps/OpenBK7231T_App/sdk/esp-idf/components/esp_driver_spi W:/GIT/OpenBK7231T/apps/OpenBK7231T_App/sdk/esp-idf/components/esp_driver_touch_sens W:/GIT/OpenBK7231T/apps/OpenBK7231T_App/sdk/esp-idf/components/esp_driver_tsens W:/GIT/OpenBK7231T/apps/OpenBK7231T_App/sdk/esp-idf/components/esp_driver_twai W:/GIT/OpenBK7231T/apps/OpenBK7231T_App/sdk/esp-idf/components/esp_driver_uart W:/GIT/OpenBK7231T/apps/OpenBK7231T_App/sdk/esp-idf/components/esp_driver_usb_serial_jtag W:/GIT/OpenBK7231T/apps/OpenBK7231T_App/sdk/esp-idf/components/esp_eth W:/GIT/OpenBK7231T/apps/OpenBK7231T_App/sdk/esp-idf/components/esp_event W:/GIT/OpenBK7231T/apps/OpenBK7231T_App/sdk/esp-idf/components/esp_gdbstub W:/GIT/OpenBK7231T/apps/OpenBK7231T_App/sdk/esp-idf/components/esp_hid W:/GIT/OpenBK7231T/apps/OpenBK7231T_App/sdk/esp-idf/components/esp_http_client W:/GIT/OpenBK7231T/apps/OpenBK7231T_App/sdk/esp-idf/components/esp_http_server W:/GIT/OpenBK7231T/apps/OpenBK7231T_App/sdk/esp-idf/components/esp_https_ota W:/GIT/OpenBK7231T/apps/OpenBK7231T_App/sdk/esp-idf/components/esp_https_server W:/GIT/OpenBK7231T/apps/OpenBK7231T_App/sdk/esp-idf/components/esp_hw_support W:/GIT/OpenBK7231T/apps/OpenBK7231T_App/sdk/esp-idf/components/esp_lcd W:/GIT/OpenBK7231T/apps/OpenBK7231T_App/sdk/esp-idf/components/esp_local_ctrl W:/GIT/OpenBK7231T/apps/OpenBK7231T_App/sdk/esp-idf/components/esp_mm W:/GIT/OpenBK7231T/apps/OpenBK7231T_App/sdk/esp-idf/components/esp_netif W:/GIT/OpenBK7231T/apps/OpenBK7231T_App/sdk/esp-idf/components/esp_netif_stack W:/GIT/OpenBK7231T/apps/OpenBK7231T_App/sdk/esp-idf/components/esp_partition W:/GIT/OpenBK7231T/apps/OpenBK7231T_App/sdk/esp-idf/components/esp_phy W:/GIT/OpenBK7231T/apps/OpenBK7231T_App/sdk/esp-idf/components/esp_pm W:/GIT/OpenBK7231T/apps/OpenBK7231T_App/sdk/esp-idf/components/esp_psram W:/GIT/OpenBK7231T/apps/OpenBK7231T_App/sdk/esp-idf/components/esp_ringbuf W:/GIT/OpenBK7231T/apps/OpenBK7231T_App/sdk/esp-idf/components/esp_rom W:/GIT/OpenBK7231T/apps/OpenBK7231T_App/sdk/esp-idf/components/esp_security W:/GIT/OpenBK7231T/apps/OpenBK7231T_App/sdk/esp-idf/components/esp_system W:/GIT/OpenBK7231T/apps/OpenBK7231T_App/sdk/esp-idf/components/esp_timer W:/GIT/OpenBK7231T/apps/OpenBK7231T_App/sdk/esp-idf/components/esp_vfs_console W:/GIT/OpenBK7231T/apps/OpenBK7231T_App/sdk/esp-idf/components/esp_wifi W:/GIT/OpenBK7231T/apps/OpenBK7231T_App/sdk/esp-idf/components/espcoredump W:/GIT/OpenBK7231T/apps/OpenBK7231T_App/sdk/esp-idf/components/esptool_py W:/GIT/OpenBK7231T/apps/OpenBK7231T_App/sdk/esp-idf/components/fatfs W:/GIT/OpenBK7231T/apps/OpenBK7231T_App/sdk/esp-idf/components/freertos W:/GIT/OpenBK7231T/apps/OpenBK7231T_App/sdk/esp-idf/components/hal W:/GIT/OpenBK7231T/apps/OpenBK7231T_App/sdk/esp-idf/components/heap W:/GIT/OpenBK7231T/apps/OpenBK7231T_App/sdk/esp-idf/components/http_parser W:/GIT/OpenBK7231T/apps/OpenBK7231T_App/sdk/esp-idf/components/idf_test W:/GIT/OpenBK7231T/apps/OpenBK7231T_App/sdk/esp-idf/components/ieee802154 W:/GIT/OpenBK7231T/apps/OpenBK7231T_App/sdk/esp-idf/components/json W:/GIT/OpenBK7231T/apps/OpenBK7231T_App/sdk/esp-idf/components/log W:/GIT/OpenBK7231T/apps/OpenBK7231T_App/libraries/lvgl W:/GIT/OpenBK7231T/apps/OpenBK7231T_App/sdk/esp-idf/components/lwip W:/GIT/OpenBK7231T/apps/OpenBK7231T_App/platforms/ESP-IDF/main W:/GIT/OpenBK7231T/apps/OpenBK7231T_App/sdk/esp-idf/components/mbedtls W:/GIT/OpenBK7231T/apps/OpenBK7231T_App/sdk/esp-idf/components/mqtt W:/GIT/OpenBK7231T/apps/OpenBK7231T_App/sdk/esp-idf/components/newlib W:/GIT/OpenBK7231T/apps/OpenBK7231T_App/sdk/esp-idf/components/nvs_flash W:/GIT/OpenBK7231T/apps/OpenBK7231T_App/sdk/esp-idf/components/nvs_sec_provider W:/GIT/OpenBK7231T/apps/OpenBK7231T_App/sdk/esp-idf/components/openthread W:/GIT/OpenBK7231T/apps/OpenBK7231T_App/sdk/esp-idf/components/partition_table W:/GIT/OpenBK7231T/apps/OpenBK7231T_App/sdk/esp-idf/components/perfmon W:/GIT/OpenBK7231T/apps/OpenBK7231T_App/sdk/esp-idf/components/protobuf-c W:/GIT/OpenBK7231T/apps/OpenBK7231T_App/sdk/esp-idf/components/protocomm W:/GIT/OpenBK7231T/apps/OpenBK7231T_App/sdk/esp-idf/components/pthread W:/GIT/OpenBK7231T/apps/OpenBK7231T_App/sdk/esp-idf/components/rt W:/GIT/OpenBK7231T/apps/OpenBK7231T_App/sdk/esp-idf/components/sdmmc W:/GIT/OpenBK7231T/apps/OpenBK7231T_App/sdk/esp-idf/components/soc W:/GIT/OpenBK7231T/apps/OpenBK7231T_App/sdk/esp-idf/components/spi_flash W:/GIT/OpenBK7231T/apps/OpenBK7231T_App/sdk/esp-idf/components/spiffs W:/GIT/OpenBK7231T/apps/OpenBK7231T_App/sdk/esp-idf/components/tcp_transport W:/GIT/OpenBK7231T/apps/OpenBK7231T_App/sdk/esp-idf/components/touch_element W:/GIT/OpenBK7231T/apps/OpenBK7231T_App/sdk/esp-idf/components/ulp W:/GIT/OpenBK7231T/apps/OpenBK7231T_App/sdk/esp-idf/components/unity W:/GIT/OpenBK7231T/apps/OpenBK7231T_App/sdk/esp-idf/components/usb W:/GIT/OpenBK7231T/apps/OpenBK7231T_App/sdk/esp-idf/components/vfs W:/GIT/OpenBK7231T/apps/OpenBK7231T_App/sdk/esp-idf/components/wear_levelling W:/GIT/OpenBK7231T/apps/OpenBK7231T_App/sdk/esp-idf/components/wifi_provisioning W:/GIT/OpenBK7231T/apps/OpenBK7231T_App/sdk/esp-idf/components/wpa_supplicant W:/GIT/OpenBK7231T/apps/OpenBK7231T_App/sdk/esp-idf/components/xtensa
-- Configuring done (44.5s)
-- Generating done (9.2s)
-- Build files have been written to: W:/GIT/OpenBK7231T/apps/OpenBK7231T_App/platforms/ESP-IDF/build-s3ram
[INFO] Building with CMake/Ninja...
[1/606] Building CXX object esp-idf/main/CMakeFiles/__idf_main.dir/W_/GIT/OpenBK7231T/apps/OpenBK7231T_App/src/driver/display/lvgl_v8_port.cpp.obj
FAILED: esp-idf/main/CMakeFiles/__idf_main.dir/W_/GIT/OpenBK7231T/apps/OpenBK7231T_App/src/driver/display/lvgl_v8_port.cpp.obj 
C:\Users\iwos2\.espressif\tools\xtensa-esp-elf\esp-14.2.0_20241119\xtensa-esp-elf\bin\xtensa-esp32s3-elf-g++.exe -DESP_PLATFORM -DIDF_VER=\"v5.5.1\" -DLWIP_NOASSERT=1 -DMBEDTLS_CONFIG_FILE=\"mbedtls/esp_config.h\" -DOBK_VARIANT=2 -DPLATFORM_ESPIDF=1 -DSOC_MMU_PAGE_SIZE=CONFIG_MMU_PAGE_SIZE -DSOC_XTAL_FREQ_MHZ=CONFIG_XTAL_FREQ -DUSER_SW_VER=\"dev_esp32\" -D_GLIBCXX_HAVE_POSIX_SEMAPHORE -D_GLIBCXX_USE_POSIX_SEMAPHORE -D_GNU_SOURCE -D_POSIX_READER_WRITER_LOCKS -IW:/GIT/OpenBK7231T/apps/OpenBK7231T_App/sdk/esp-idf/../../libraries/berry/src -IW:/GIT/OpenBK7231T/apps/OpenBK7231T_App/sdk/esp-idf/../../include -IW:/GIT/OpenBK7231T/apps/OpenBK7231T_App/sdk/esp-idf/../../src/driver/display -IW:/GIT/OpenBK7231T/apps/OpenBK7231T_App/platforms/ESP-IDF/build-s3ram/config -IW:/GIT/OpenBK7231T/apps/OpenBK7231T_App/sdk/esp-idf/components/newlib/platform_include -IW:/GIT/OpenBK7231T/apps/OpenBK7231T_App/sdk/esp-idf/components/freertos/config/include -IW:/GIT/OpenBK7231T/apps/OpenBK7231T_App/sdk/esp-idf/components/freertos/config/include/freertos -IW:/GIT/OpenBK7231T/apps/OpenBK7231T_App/sdk/esp-idf/components/freertos/config/xtensa/include -IW:/GIT/OpenBK7231T/apps/OpenBK7231T_App/sdk/esp-idf/components/freertos/FreeRTOS-Kernel/include -IW:/GIT/OpenBK7231T/apps/OpenBK7231T_App/sdk/esp-idf/components/freertos/FreeRTOS-Kernel/portable/xtensa/include -IW:/GIT/OpenBK7231T/apps/OpenBK7231T_App/sdk/esp-idf/components/freertos/FreeRTOS-Kernel/portable/xtensa/include/freertos -IW:/GIT/OpenBK7231T/apps/OpenBK7231T_App/sdk/esp-idf/components/freertos/esp_additions/include -IW:/GIT/OpenBK7231T/apps/OpenBK7231T_App/sdk/esp-idf/components/esp_hw_support/include -IW:/GIT/OpenBK7231T/apps/OpenBK7231T_App/sdk/esp-idf/components/esp_hw_support/include/soc -IW:/GIT/OpenBK7231T/apps/OpenBK7231T_App/sdk/esp-idf/components/esp_hw_support/include/soc/esp32s3 -IW:/GIT/OpenBK7231T/apps/OpenBK7231T_App/sdk/esp-idf/components/esp_hw_support/dma/include -IW:/GIT/OpenBK7231T/apps/OpenBK7231T_App/sdk/esp-idf/components/esp_hw_support/ldo/include -IW:/GIT/OpenBK7231T/apps/OpenBK7231T_App/sdk/esp-idf/components/esp_hw_support/debug_probe/include -IW:/GIT/OpenBK7231T/apps/OpenBK7231T_App/sdk/esp-idf/components/esp_hw_support/mspi_timing_tuning/include -IW:/GIT/OpenBK7231T/apps/OpenBK7231T_App/sdk/esp-idf/components/esp_hw_support/mspi_timing_tuning/tuning_scheme_impl/include -IW:/GIT/OpenBK7231T/apps/OpenBK7231T_App/sdk/esp-idf/components/esp_hw_support/power_supply/include -IW:/GIT/OpenBK7231T/apps/OpenBK7231T_App/sdk/esp-idf/components/esp_hw_support/port/esp32s3/. -IW:/GIT/OpenBK7231T/apps/OpenBK7231T_App/sdk/esp-idf/components/esp_hw_support/port/esp32s3/include -IW:/GIT/OpenBK7231T/apps/OpenBK7231T_App/sdk/esp-idf/components/esp_hw_support/mspi_timing_tuning/port/esp32s3/. -IW:/GIT/OpenBK7231T/apps/OpenBK7231T_App/sdk/esp-idf/components/esp_hw_support/mspi_timing_tuning/port/esp32s3/include -IW:/GIT/OpenBK7231T/apps/OpenBK7231T_App/sdk/esp-idf/components/heap/include -IW:/GIT/OpenBK7231T/apps/OpenBK7231T_App/sdk/esp-idf/components/heap/tlsf -IW:/GIT/OpenBK7231T/apps/OpenBK7231T_App/sdk/esp-idf/components/log/include -IW:/GIT/OpenBK7231T/apps/OpenBK7231T_App/sdk/esp-idf/components/soc/include -IW:/GIT/OpenBK7231T/apps/OpenBK7231T_App/sdk/esp-idf/components/soc/esp32s3 -IW:/GIT/OpenBK7231T/apps/OpenBK7231T_App/sdk/esp-idf/components/soc/esp32s3/include -IW:/GIT/OpenBK7231T/apps/OpenBK7231T_App/sdk/esp-idf/components/soc/esp32s3/register -IW:/GIT/OpenBK7231T/apps/OpenBK7231T_App/sdk/esp-idf/components/hal/platform_port/include -IW:/GIT/OpenBK7231T/apps/OpenBK7231T_App/sdk/esp-idf/components/hal/esp32s3/include -IW:/GIT/OpenBK7231T/apps/OpenBK7231T_App/sdk/esp-idf/components/hal/include -IW:/GIT/OpenBK7231T/apps/OpenBK7231T_App/sdk/esp-idf/components/esp_rom/include -IW:/GIT/OpenBK7231T/apps/OpenBK7231T_App/sdk/esp-idf/components/esp_rom/esp32s3/include -IW:/GIT/OpenBK7231T/apps/OpenBK7231T_App/sdk/esp-idf/components/esp_rom/esp32s3/include/esp32s3 -IW:/GIT/OpenBK7231T/apps/OpenBK7231T_App/sdk/esp-idf/components/esp_rom/esp32s3 -IW:/GIT/OpenBK7231T/apps/OpenBK7231T_App/sdk/esp-idf/components/esp_common/include -IW:/GIT/OpenBK7231T/apps/OpenBK7231T_App/sdk/esp-idf/components/esp_system/include -IW:/GIT/OpenBK7231T/apps/OpenBK7231T_App/sdk/esp-idf/components/esp_system/port/soc -IW:/GIT/OpenBK7231T/apps/OpenBK7231T_App/sdk/esp-idf/components/esp_system/port/include/private -IW:/GIT/OpenBK7231T/apps/OpenBK7231T_App/sdk/esp-idf/components/xtensa/esp32s3/include -IW:/GIT/OpenBK7231T/apps/OpenBK7231T_App/sdk/esp-idf/components/xtensa/include -IW:/GIT/OpenBK7231T/apps/OpenBK7231T_App/sdk/esp-idf/components/xtensa/deprecated_include -IW:/GIT/OpenBK7231T/apps/OpenBK7231T_App/sdk/esp-idf/components/lwip/include -IW:/GIT/OpenBK7231T/apps/OpenBK7231T_App/sdk/esp-idf/components/lwip/include/apps -IW:/GIT/OpenBK7231T/apps/OpenBK7231T_App/sdk/esp-idf/components/lwip/include/apps/sntp -IW:/GIT/OpenBK7231T/apps/OpenBK7231T_App/sdk/esp-idf/components/lwip/lwip/src/include -IW:/GIT/OpenBK7231T/apps/OpenBK7231T_App/sdk/esp-idf/components/lwip/port/include -IW:/GIT/OpenBK7231T/apps/OpenBK7231T_App/sdk/esp-idf/components/lwip/port/freertos/include -IW:/GIT/OpenBK7231T/apps/OpenBK7231T_App/sdk/esp-idf/components/lwip/port/esp32xx/include -IW:/GIT/OpenBK7231T/apps/OpenBK7231T_App/sdk/esp-idf/components/lwip/port/esp32xx/include/arch -IW:/GIT/OpenBK7231T/apps/OpenBK7231T_App/sdk/esp-idf/components/lwip/port/esp32xx/include/sys -IW:/GIT/OpenBK7231T/apps/OpenBK7231T_App/sdk/esp-idf/components/mqtt/esp-mqtt/include -IW:/GIT/OpenBK7231T/apps/OpenBK7231T_App/sdk/esp-idf/components/esp_event/include -IW:/GIT/OpenBK7231T/apps/OpenBK7231T_App/sdk/esp-idf/components/tcp_transport/include -IW:/GIT/OpenBK7231T/apps/OpenBK7231T_App/sdk/esp-idf/components/esp-tls -IW:/GIT/OpenBK7231T/apps/OpenBK7231T_App/sdk/esp-idf/components/esp-tls/esp-tls-crypto -IW:/GIT/OpenBK7231T/apps/OpenBK7231T_App/sdk/esp-idf/components/mbedtls/port/include -IW:/GIT/OpenBK7231T/apps/OpenBK7231T_App/sdk/esp-idf/components/mbedtls/mbedtls/include -IW:/GIT/OpenBK7231T/apps/OpenBK7231T_App/sdk/esp-idf/components/mbedtls/mbedtls/library -IW:/GIT/OpenBK7231T/apps/OpenBK7231T_App/sdk/esp-idf/components/mbedtls/esp_crt_bundle/include -IW:/GIT/OpenBK7231T/apps/OpenBK7231T_App/sdk/esp-idf/components/mbedtls/mbedtls/3rdparty/everest/include -IW:/GIT/OpenBK7231T/apps/OpenBK7231T_App/sdk/esp-idf/components/mbedtls/mbedtls/3rdparty/p256-m -IW:/GIT/OpenBK7231T/apps/OpenBK7231T_App/sdk/esp-idf/components/mbedtls/mbedtls/3rdparty/p256-m/p256-m -IW:/GIT/OpenBK7231T/apps/OpenBK7231T_App/sdk/esp-idf/components/esp_timer/include -IW:/GIT/OpenBK7231T/apps/OpenBK7231T_App/sdk/esp-idf/components/esp_wifi/include -IW:/GIT/OpenBK7231T/apps/OpenBK7231T_App/sdk/esp-idf/components/esp_wifi/include/local -IW:/GIT/OpenBK7231T/apps/OpenBK7231T_App/sdk/esp-idf/components/esp_wifi/wifi_apps/include -IW:/GIT/OpenBK7231T/apps/OpenBK7231T_App/sdk/esp-idf/components/esp_wifi/wifi_apps/nan_app/include -IW:/GIT/OpenBK7231T/apps/OpenBK7231T_App/sdk/esp-idf/components/esp_phy/include -IW:/GIT/OpenBK7231T/apps/OpenBK7231T_App/sdk/esp-idf/components/esp_phy/esp32s3/include -IW:/GIT/OpenBK7231T/apps/OpenBK7231T_App/sdk/esp-idf/components/esp_netif/include -IW:/GIT/OpenBK7231T/apps/OpenBK7231T_App/sdk/esp-idf/components/nvs_flash/include -IW:/GIT/OpenBK7231T/apps/OpenBK7231T_App/sdk/esp-idf/components/esp_partition/include -IW:/GIT/OpenBK7231T/apps/OpenBK7231T_App/sdk/esp-idf/components/esp_driver_tsens/include -IW:/GIT/OpenBK7231T/apps/OpenBK7231T_App/sdk/esp-idf/components/esp_driver_gpio/include -IW:/GIT/OpenBK7231T/apps/OpenBK7231T_App/sdk/esp-idf/components/esp_pm/include -IW:/GIT/OpenBK7231T/apps/OpenBK7231T_App/sdk/esp-idf/components/app_update/include -IW:/GIT/OpenBK7231T/apps/OpenBK7231T_App/sdk/esp-idf/components/bootloader_support/include -IW:/GIT/OpenBK7231T/apps/OpenBK7231T_App/sdk/esp-idf/components/bootloader_support/bootloader_flash/include -IW:/GIT/OpenBK7231T/apps/OpenBK7231T_App/sdk/esp-idf/components/esp_app_format/include -IW:/GIT/OpenBK7231T/apps/OpenBK7231T_App/sdk/esp-idf/components/esp_bootloader_format/include -IW:/GIT/OpenBK7231T/apps/OpenBK7231T_App/sdk/esp-idf/components/esp_adc/include -IW:/GIT/OpenBK7231T/apps/OpenBK7231T_App/sdk/esp-idf/components/esp_adc/interface -IW:/GIT/OpenBK7231T/apps/OpenBK7231T_App/sdk/esp-idf/components/esp_adc/esp32s3/include -IW:/GIT/OpenBK7231T/apps/OpenBK7231T_App/sdk/esp-idf/components/esp_adc/deprecated/include -IW:/GIT/OpenBK7231T/apps/OpenBK7231T_App/sdk/esp-idf/components/esp_driver_uart/include -IW:/GIT/OpenBK7231T/apps/OpenBK7231T_App/sdk/esp-idf/components/esp_driver_ledc/include -IW:/GIT/OpenBK7231T/apps/OpenBK7231T_App/sdk/esp-idf/components/spi_flash/include -IW:/GIT/OpenBK7231T/apps/OpenBK7231T_App/sdk/esp-idf/components/esp_driver_spi/include -IW:/GIT/OpenBK7231T/apps/OpenBK7231T_App/sdk/esp-idf/components/esp_driver_gptimer/include -mlongcalls  -fno-builtin-memcpy -fno-builtin-memset -fno-builtin-bzero -fno-builtin-stpcpy -fno-builtin-strncpy -fdiagnostics-color=always -ffunction-sections -fdata-sections -Wall -Werror=all -Wno-error=unused-function -Wno-error=unused-variable -Wno-error=unused-but-set-variable -Wno-error=deprecated-declarations -Wextra -Wno-error=extra -Wno-unused-parameter -Wno-sign-compare -Wno-enum-conversion -gdwarf-4 -ggdb -DENABLE_DRIVER_MDNS=1 -DLWIP_MDNS_RESPONDER=1 -mdisable-hardware-atomics -Os -freorder-blocks -fmacro-prefix-map=W:/GIT/OpenBK7231T/apps/OpenBK7231T_App/platforms/ESP-IDF=. -fmacro-prefix-map=W:/GIT/OpenBK7231T/apps/OpenBK7231T_App/sdk/esp-idf=/IDF -fstrict-volatile-bitfields -fno-jump-tables -fno-tree-switch-conversion -Wno-error=format-truncation -Wno-error=incompatible-pointer-types -DLV_CONF_INCLUDE_SIMPLE=1 -std=gnu++2b -fno-exceptions -fno-rtti -fuse-cxa-atexit -MD -MT esp-idf/main/CMakeFiles/__idf_main.dir/W_/GIT/OpenBK7231T/apps/OpenBK7231T_App/src/driver/display/lvgl_v8_port.cpp.obj -MF esp-idf\main\CMakeFiles\__idf_main.dir\W_\GIT\OpenBK7231T\apps\OpenBK7231T_App\src\driver\display\lvgl_v8_port.cpp.obj.d -o esp-idf/main/CMakeFiles/__idf_main.dir/W_/GIT/OpenBK7231T/apps/OpenBK7231T_App/src/driver/display/lvgl_v8_port.cpp.obj -c W:/GIT/OpenBK7231T/apps/OpenBK7231T_App/src/driver/display/lvgl_v8_port.cpp
W:/GIT/OpenBK7231T/apps/OpenBK7231T_App/src/driver/display/lvgl_v8_port.cpp:8:10: fatal error: esp_lib_utils.h: No such file or directory
    8 | #include "esp_lib_utils.h"
      |          ^~~~~~~~~~~~~~~~~
compilation terminated.
[2/606] Building CXX object esp-idf/main/CMakeFiles/__idf_main.dir/W_/GIT/OpenBK7231T/apps/OpenBK7231T_App/src/driver/drv_display.cpp.obj
FAILED: esp-idf/main/CMakeFiles/__idf_main.dir/W_/GIT/OpenBK7231T/apps/OpenBK7231T_App/src/driver/drv_display.cpp.obj 
C:\Users\iwos2\.espressif\tools\xtensa-esp-elf\esp-14.2.0_20241119\xtensa-esp-elf\bin\xtensa-esp32s3-elf-g++.exe -DESP_PLATFORM -DIDF_VER=\"v5.5.1\" -DLWIP_NOASSERT=1 -DMBEDTLS_CONFIG_FILE=\"mbedtls/esp_config.h\" -DOBK_VARIANT=2 -DPLATFORM_ESPIDF=1 -DSOC_MMU_PAGE_SIZE=CONFIG_MMU_PAGE_SIZE -DSOC_XTAL_FREQ_MHZ=CONFIG_XTAL_FREQ -DUSER_SW_VER=\"dev_esp32\" -D_GLIBCXX_HAVE_POSIX_SEMAPHORE -D_GLIBCXX_USE_POSIX_SEMAPHORE -D_GNU_SOURCE -D_POSIX_READER_WRITER_LOCKS -IW:/GIT/OpenBK7231T/apps/OpenBK7231T_App/sdk/esp-idf/../../libraries/berry/src -IW:/GIT/OpenBK7231T/apps/OpenBK7231T_App/sdk/esp-idf/../../include -IW:/GIT/OpenBK7231T/apps/OpenBK7231T_App/sdk/esp-idf/../../src/driver/display -IW:/GIT/OpenBK7231T/apps/OpenBK7231T_App/platforms/ESP-IDF/build-s3ram/config -IW:/GIT/OpenBK7231T/apps/OpenBK7231T_App/sdk/esp-idf/components/newlib/platform_include -IW:/GIT/OpenBK7231T/apps/OpenBK7231T_App/sdk/esp-idf/components/freertos/config/include -IW:/GIT/OpenBK7231T/apps/OpenBK7231T_App/sdk/esp-idf/components/freertos/config/include/freertos -IW:/GIT/OpenBK7231T/apps/OpenBK7231T_App/sdk/esp-idf/components/freertos/config/xtensa/include -IW:/GIT/OpenBK7231T/apps/OpenBK7231T_App/sdk/esp-idf/components/freertos/FreeRTOS-Kernel/include -IW:/GIT/OpenBK7231T/apps/OpenBK7231T_App/sdk/esp-idf/components/freertos/FreeRTOS-Kernel/portable/xtensa/include -IW:/GIT/OpenBK7231T/apps/OpenBK7231T_App/sdk/esp-idf/components/freertos/FreeRTOS-Kernel/portable/xtensa/include/freertos -IW:/GIT/OpenBK7231T/apps/OpenBK7231T_App/sdk/esp-idf/components/freertos/esp_additions/include -IW:/GIT/OpenBK7231T/apps/OpenBK7231T_App/sdk/esp-idf/components/esp_hw_support/include -IW:/GIT/OpenBK7231T/apps/OpenBK7231T_App/sdk/esp-idf/components/esp_hw_support/include/soc -IW:/GIT/OpenBK7231T/apps/OpenBK7231T_App/sdk/esp-idf/components/esp_hw_support/include/soc/esp32s3 -IW:/GIT/OpenBK7231T/apps/OpenBK7231T_App/sdk/esp-idf/components/esp_hw_support/dma/include -IW:/GIT/OpenBK7231T/apps/OpenBK7231T_App/sdk/esp-idf/components/esp_hw_support/ldo/include -IW:/GIT/OpenBK7231T/apps/OpenBK7231T_App/sdk/esp-idf/components/esp_hw_support/debug_probe/include -IW:/GIT/OpenBK7231T/apps/OpenBK7231T_App/sdk/esp-idf/components/esp_hw_support/mspi_timing_tuning/include -IW:/GIT/OpenBK7231T/apps/OpenBK7231T_App/sdk/esp-idf/components/esp_hw_support/mspi_timing_tuning/tuning_scheme_impl/include -IW:/GIT/OpenBK7231T/apps/OpenBK7231T_App/sdk/esp-idf/components/esp_hw_support/power_supply/include -IW:/GIT/OpenBK7231T/apps/OpenBK7231T_App/sdk/esp-idf/components/esp_hw_support/port/esp32s3/. -IW:/GIT/OpenBK7231T/apps/OpenBK7231T_App/sdk/esp-idf/components/esp_hw_support/port/esp32s3/include -IW:/GIT/OpenBK7231T/apps/OpenBK7231T_App/sdk/esp-idf/components/esp_hw_support/mspi_timing_tuning/port/esp32s3/. -IW:/GIT/OpenBK7231T/apps/OpenBK7231T_App/sdk/esp-idf/components/esp_hw_support/mspi_timing_tuning/port/esp32s3/include -IW:/GIT/OpenBK7231T/apps/OpenBK7231T_App/sdk/esp-idf/components/heap/include -IW:/GIT/OpenBK7231T/apps/OpenBK7231T_App/sdk/esp-idf/components/heap/tlsf -IW:/GIT/OpenBK7231T/apps/OpenBK7231T_App/sdk/esp-idf/components/log/include -IW:/GIT/OpenBK7231T/apps/OpenBK7231T_App/sdk/esp-idf/components/soc/include -IW:/GIT/OpenBK7231T/apps/OpenBK7231T_App/sdk/esp-idf/components/soc/esp32s3 -IW:/GIT/OpenBK7231T/apps/OpenBK7231T_App/sdk/esp-idf/components/soc/esp32s3/include -IW:/GIT/OpenBK7231T/apps/OpenBK7231T_App/sdk/esp-idf/components/soc/esp32s3/register -IW:/GIT/OpenBK7231T/apps/OpenBK7231T_App/sdk/esp-idf/components/hal/platform_port/include -IW:/GIT/OpenBK7231T/apps/OpenBK7231T_App/sdk/esp-idf/components/hal/esp32s3/include -IW:/GIT/OpenBK7231T/apps/OpenBK7231T_App/sdk/esp-idf/components/hal/include -IW:/GIT/OpenBK7231T/apps/OpenBK7231T_App/sdk/esp-idf/components/esp_rom/include -IW:/GIT/OpenBK7231T/apps/OpenBK7231T_App/sdk/esp-idf/components/esp_rom/esp32s3/include -IW:/GIT/OpenBK7231T/apps/OpenBK7231T_App/sdk/esp-idf/components/esp_rom/esp32s3/include/esp32s3 -IW:/GIT/OpenBK7231T/apps/OpenBK7231T_App/sdk/esp-idf/components/esp_rom/esp32s3 -IW:/GIT/OpenBK7231T/apps/OpenBK7231T_App/sdk/esp-idf/components/esp_common/include -IW:/GIT/OpenBK7231T/apps/OpenBK7231T_App/sdk/esp-idf/components/esp_system/include -IW:/GIT/OpenBK7231T/apps/OpenBK7231T_App/sdk/esp-idf/components/esp_system/port/soc -IW:/GIT/OpenBK7231T/apps/OpenBK7231T_App/sdk/esp-idf/components/esp_system/port/include/private -IW:/GIT/OpenBK7231T/apps/OpenBK7231T_App/sdk/esp-idf/components/xtensa/esp32s3/include -IW:/GIT/OpenBK7231T/apps/OpenBK7231T_App/sdk/esp-idf/components/xtensa/include -IW:/GIT/OpenBK7231T/apps/OpenBK7231T_App/sdk/esp-idf/components/xtensa/deprecated_include -IW:/GIT/OpenBK7231T/apps/OpenBK7231T_App/sdk/esp-idf/components/lwip/include -IW:/GIT/OpenBK7231T/apps/OpenBK7231T_App/sdk/esp-idf/components/lwip/include/apps -IW:/GIT/OpenBK7231T/apps/OpenBK7231T_App/sdk/esp-idf/components/lwip/include/apps/sntp -IW:/GIT/OpenBK7231T/apps/OpenBK7231T_App/sdk/esp-idf/components/lwip/lwip/src/include -IW:/GIT/OpenBK7231T/apps/OpenBK7231T_App/sdk/esp-idf/components/lwip/port/include -IW:/GIT/OpenBK7231T/apps/OpenBK7231T_App/sdk/esp-idf/components/lwip/port/freertos/include -IW:/GIT/OpenBK7231T/apps/OpenBK7231T_App/sdk/esp-idf/components/lwip/port/esp32xx/include -IW:/GIT/OpenBK7231T/apps/OpenBK7231T_App/sdk/esp-idf/components/lwip/port/esp32xx/include/arch -IW:/GIT/OpenBK7231T/apps/OpenBK7231T_App/sdk/esp-idf/components/lwip/port/esp32xx/include/sys -IW:/GIT/OpenBK7231T/apps/OpenBK7231T_App/sdk/esp-idf/components/mqtt/esp-mqtt/include -IW:/GIT/OpenBK7231T/apps/OpenBK7231T_App/sdk/esp-idf/components/esp_event/include -IW:/GIT/OpenBK7231T/apps/OpenBK7231T_App/sdk/esp-idf/components/tcp_transport/include -IW:/GIT/OpenBK7231T/apps/OpenBK7231T_App/sdk/esp-idf/components/esp-tls -IW:/GIT/OpenBK7231T/apps/OpenBK7231T_App/sdk/esp-idf/components/esp-tls/esp-tls-crypto -IW:/GIT/OpenBK7231T/apps/OpenBK7231T_App/sdk/esp-idf/components/mbedtls/port/include -IW:/GIT/OpenBK7231T/apps/OpenBK7231T_App/sdk/esp-idf/components/mbedtls/mbedtls/include -IW:/GIT/OpenBK7231T/apps/OpenBK7231T_App/sdk/esp-idf/components/mbedtls/mbedtls/library -IW:/GIT/OpenBK7231T/apps/OpenBK7231T_App/sdk/esp-idf/components/mbedtls/esp_crt_bundle/include -IW:/GIT/OpenBK7231T/apps/OpenBK7231T_App/sdk/esp-idf/components/mbedtls/mbedtls/3rdparty/everest/include -IW:/GIT/OpenBK7231T/apps/OpenBK7231T_App/sdk/esp-idf/components/mbedtls/mbedtls/3rdparty/p256-m -IW:/GIT/OpenBK7231T/apps/OpenBK7231T_App/sdk/esp-idf/components/mbedtls/mbedtls/3rdparty/p256-m/p256-m -IW:/GIT/OpenBK7231T/apps/OpenBK7231T_App/sdk/esp-idf/components/esp_timer/include -IW:/GIT/OpenBK7231T/apps/OpenBK7231T_App/sdk/esp-idf/components/esp_wifi/include -IW:/GIT/OpenBK7231T/apps/OpenBK7231T_App/sdk/esp-idf/components/esp_wifi/include/local -IW:/GIT/OpenBK7231T/apps/OpenBK7231T_App/sdk/esp-idf/components/esp_wifi/wifi_apps/include -IW:/GIT/OpenBK7231T/apps/OpenBK7231T_App/sdk/esp-idf/components/esp_wifi/wifi_apps/nan_app/include -IW:/GIT/OpenBK7231T/apps/OpenBK7231T_App/sdk/esp-idf/components/esp_phy/include -IW:/GIT/OpenBK7231T/apps/OpenBK7231T_App/sdk/esp-idf/components/esp_phy/esp32s3/include -IW:/GIT/OpenBK7231T/apps/OpenBK7231T_App/sdk/esp-idf/components/esp_netif/include -IW:/GIT/OpenBK7231T/apps/OpenBK7231T_App/sdk/esp-idf/components/nvs_flash/include -IW:/GIT/OpenBK7231T/apps/OpenBK7231T_App/sdk/esp-idf/components/esp_partition/include -IW:/GIT/OpenBK7231T/apps/OpenBK7231T_App/sdk/esp-idf/components/esp_driver_tsens/include -IW:/GIT/OpenBK7231T/apps/OpenBK7231T_App/sdk/esp-idf/components/esp_driver_gpio/include -IW:/GIT/OpenBK7231T/apps/OpenBK7231T_App/sdk/esp-idf/components/esp_pm/include -IW:/GIT/OpenBK7231T/apps/OpenBK7231T_App/sdk/esp-idf/components/app_update/include -IW:/GIT/OpenBK7231T/apps/OpenBK7231T_App/sdk/esp-idf/components/bootloader_support/include -IW:/GIT/OpenBK7231T/apps/OpenBK7231T_App/sdk/esp-idf/components/bootloader_support/bootloader_flash/include -IW:/GIT/OpenBK7231T/apps/OpenBK7231T_App/sdk/esp-idf/components/esp_app_format/include -IW:/GIT/OpenBK7231T/apps/OpenBK7231T_App/sdk/esp-idf/components/esp_bootloader_format/include -IW:/GIT/OpenBK7231T/apps/OpenBK7231T_App/sdk/esp-idf/components/esp_adc/include -IW:/GIT/OpenBK7231T/apps/OpenBK7231T_App/sdk/esp-idf/components/esp_adc/interface -IW:/GIT/OpenBK7231T/apps/OpenBK7231T_App/sdk/esp-idf/components/esp_adc/esp32s3/include -IW:/GIT/OpenBK7231T/apps/OpenBK7231T_App/sdk/esp-idf/components/esp_adc/deprecated/include -IW:/GIT/OpenBK7231T/apps/OpenBK7231T_App/sdk/esp-idf/components/esp_driver_uart/include -IW:/GIT/OpenBK7231T/apps/OpenBK7231T_App/sdk/esp-idf/components/esp_driver_ledc/include -IW:/GIT/OpenBK7231T/apps/OpenBK7231T_App/sdk/esp-idf/components/spi_flash/include -IW:/GIT/OpenBK7231T/apps/OpenBK7231T_App/sdk/esp-idf/components/esp_driver_spi/include -IW:/GIT/OpenBK7231T/apps/OpenBK7231T_App/sdk/esp-idf/components/esp_driver_gptimer/include -mlongcalls  -fno-builtin-memcpy -fno-builtin-memset -fno-builtin-bzero -fno-builtin-stpcpy -fno-builtin-strncpy -fdiagnostics-color=always -ffunction-sections -fdata-sections -Wall -Werror=all -Wno-error=unused-function -Wno-error=unused-variable -Wno-error=unused-but-set-variable -Wno-error=deprecated-declarations -Wextra -Wno-error=extra -Wno-unused-parameter -Wno-sign-compare -Wno-enum-conversion -gdwarf-4 -ggdb -DENABLE_DRIVER_MDNS=1 -DLWIP_MDNS_RESPONDER=1 -mdisable-hardware-atomics -Os -freorder-blocks -fmacro-prefix-map=W:/GIT/OpenBK7231T/apps/OpenBK7231T_App/platforms/ESP-IDF=. -fmacro-prefix-map=W:/GIT/OpenBK7231T/apps/OpenBK7231T_App/sdk/esp-idf=/IDF -fstrict-volatile-bitfields -fno-jump-tables -fno-tree-switch-conversion -Wno-error=format-truncation -Wno-error=incompatible-pointer-types -DLV_CONF_INCLUDE_SIMPLE=1 -std=gnu++2b -fno-exceptions -fno-rtti -fuse-cxa-atexit -MD -MT esp-idf/main/CMakeFiles/__idf_main.dir/W_/GIT/OpenBK7231T/apps/OpenBK7231T_App/src/driver/drv_display.cpp.obj -MF esp-idf\main\CMakeFiles\__idf_main.dir\W_\GIT\OpenBK7231T\apps\OpenBK7231T_App\src\driver\drv_display.cpp.obj.d -o esp-idf/main/CMakeFiles/__idf_main.dir/W_/GIT/OpenBK7231T/apps/OpenBK7231T_App/src/driver/drv_display.cpp.obj -c W:/GIT/OpenBK7231T/apps/OpenBK7231T_App/src/driver/drv_display.cpp
W:/GIT/OpenBK7231T/apps/OpenBK7231T_App/src/driver/drv_display.cpp:9:10: fatal error: esp_display_panel.hpp: No such file or directory
    9 | #include <esp_display_panel.hpp>
      |          ^~~~~~~~~~~~~~~~~~~~~~~
compilation terminated.
[3/606] Building CXX object esp-idf/main/CMakeFiles/__idf_main.dir/W_/GIT/OpenBK7231T/apps/OpenBK7231T_App/src/libraries/IRremoteESP8266/src/ir_Dish.cpp.obj
[4/606] Building CXX object esp-idf/main/CMakeFiles/__idf_main.dir/W_/GIT/OpenBK7231T/apps/OpenBK7231T_App/src/libraries/IRremoteESP8266/src/ir_Denon.cpp.obj
[5/606] Building CXX object esp-idf/main/CMakeFiles/__idf_main.dir/W_/GIT/OpenBK7231T/apps/OpenBK7231T_App/src/libraries/IRremoteESP8266/src/ir_EliteScreens.cpp.obj
[6/606] Building CXX object esp-idf/main/CMakeFiles/__idf_main.dir/W_/GIT/OpenBK7231T/apps/OpenBK7231T_App/src/libraries/IRremoteESP8266/src/ir_Doshisha.cpp.obj
[7/606] Building CXX object esp-idf/main/CMakeFiles/__idf_main.dir/W_/GIT/OpenBK7231T/apps/OpenBK7231T_App/src/libraries/IRremoteESP8266/src/ir_Delonghi.cpp.obj
[8/606] Building CXX object esp-idf/main/CMakeFiles/__idf_main.dir/W_/GIT/OpenBK7231T/apps/OpenBK7231T_App/src/libraries/IRremoteESP8266/src/ir_Electra.cpp.obj
[9/606] Building CXX object esp-idf/main/CMakeFiles/__idf_main.dir/W_/GIT/OpenBK7231T/apps/OpenBK7231T_App/src/libraries/IRremoteESP8266/src/ir_Ecoclim.cpp.obj
[10/606] Building CXX object esp-idf/main/CMakeFiles/__idf_main.dir/W_/GIT/OpenBK7231T/apps/OpenBK7231T_App/src/libraries/IRremoteESP8266/src/ir_Daikin.cpp.obj
ninja: build stopped: subcommand failed.
[ERROR] Build failed
